---
source: tests/html_snapshot_tests_simple.rs
assertion_line: 142
expression: sample_email_content
---
<div class="email-content">
    <table style="width: 100%; max-width: 600px; margin: 0 auto;">
        <tr>
            <td style="padding: 20px; background-color: #f5f5f5;">
                <h1 style="color: #333; font-family: Arial, sans-serif;">Sample Newsletter</h1>
                <p style="color: #666; line-height: 1.6;">This is a sample email content for testing purposes.</p>
                <a href="#" style="background-color: #007cba; color: white; padding: 10px 20px; text-decoration: none; border-radius: 4px;">Click Here</a>
            </td>
        </tr>
    </table>
</div>
